[    0.000000] Linux version 4.15.0-209-generic (buildd@lcy02-amd64-091) (gcc version 7.5.0 (Ubuntu 7.5.0-3ubuntu1~18.04)) #220-Ubuntu SMP Tue Mar 21 17:52:18 UTC 2023 (Ubuntu 4.15.0-209.220-generic 4.15.18)
[    0.000000] Command line: BOOT_IMAGE=/boot/vmlinuz-4.15.0-209-generic root=LABEL=cloudimg-rootfs ro console=tty1 console=ttyS0
[    0.000000] KERNEL supported cpus:
[    0.000000]   Intel GenuineIntel
[    0.000000]   AMD AuthenticAMD
[    0.000000]   Centaur CentaurHauls
[    0.000000] x86/fpu: Supporting XSAVE feature 0x001: 'x87 floating point registers'
[    0.000000] x86/fpu: Supporting XSAVE feature 0x002: 'SSE registers'
[    0.000000] x86/fpu: Supporting XSAVE feature 0x004: 'AVX registers'
[    0.000000] x86/fpu: xstate_offset[2]:  576, xstate_sizes[2]:  256
[    0.000000] x86/fpu: Enabled xstate features 0x7, context size is 832 bytes, using 'standard' format.
[    0.000000] e820: BIOS-provided physical RAM map:
[    0.000000] BIOS-e820: [mem 0x0000000000000000-0x000000000009fbff] usable
[    0.000000] BIOS-e820: [mem 0x000000000009fc00-0x000000000009ffff] reserved
[    0.000000] BIOS-e820: [mem 0x00000000000f0000-0x00000000000fffff] reserved
[    0.000000] BIOS-e820: [mem 0x0000000000100000-0x000000003ffeffff] usable
[    0.000000] BIOS-e820: [mem 0x000000003fff0000-0x000000003fffffff] ACPI data
[    0.000000] BIOS-e820: [mem 0x00000000fec00000-0x00000000fec00fff] reserved
[    0.000000] BIOS-e820: [mem 0x00000000fee00000-0x00000000fee00fff] reserved
[    0.000000] BIOS-e820: [mem 0x00000000fffc0000-0x00000000ffffffff] reserved
[    0.000000] NX (Execute Disable) protection: active
[    0.000000] SMBIOS 2.5 present.
[    0.000000] DMI: innotek GmbH VirtualBox/VirtualBox, BIOS VirtualBox 12/01/2006
[    0.000000] Hypervisor detected: KVM
[    0.000000] e820: last_pfn = 0x3fff0 max_arch_pfn = 0x400000000
[    0.000000] MTRR: Disabled
[    0.000000] x86/PAT: MTRRs disabled, skipping PAT initialization too.
[    0.000000] CPU MTRRs all blank - virtualized system.
[    0.000000] x86/PAT: Configuration [0-7]: WB  WT  UC- UC  WB  WT  UC- UC  
[    0.000000] found SMP MP-table at [mem 0x0009fff0-0x0009ffff]
[    0.000000] Scanning 1 areas for low memory corruption
[    0.000000] RAMDISK: [mem 0x357cf000-0x36bdefff]
[    0.000000] ACPI: Early table checksum verification disabled
[    0.000000] ACPI: RSDP 0x00000000000E0000 000024 (v02 VBOX  )
[    0.000000] ACPI: XSDT 0x000000003FFF0030 00003C (v01 VBOX   VBOXXSDT 00000001 ASL  00000061)
[    0.000000] ACPI: FACP 0x000000003FFF00F0 0000F4 (v04 VBOX   VBOXFACP 00000001 ASL  00000061)
[    0.000000] ACPI: DSDT 0x000000003FFF0610 002353 (v02 VBOX   VBOXBIOS 00000002 INTL 20100528)
[    0.000000] ACPI: FACS 0x000000003FFF0200 000040
[    0.000000] ACPI: FACS 0x000000003FFF0200 000040
[    0.000000] ACPI: APIC 0x000000003FFF0240 00005C (v02 VBOX   VBOXAPIC 00000001 ASL  00000061)
[    0.000000] ACPI: SSDT 0x000000003FFF02A0 00036C (v01 VBOX   VBOXCPUT 00000002 INTL 20100528)
[    0.000000] ACPI: Reserving FACP table memory at [mem 0x3fff00f0-0x3fff01e3]
[    0.000000] ACPI: Reserving DSDT table memory at [mem 0x3fff0610-0x3fff2962]
[    0.000000] ACPI: Reserving FACS table memory at [mem 0x3fff0200-0x3fff023f]
[    0.000000] ACPI: Reserving FACS table memory at [mem 0x3fff0200-0x3fff023f]
[    0.000000] ACPI: Reserving APIC table memory at [mem 0x3fff0240-0x3fff029b]
[    0.000000] ACPI: Reserving SSDT table memory at [mem 0x3fff02a0-0x3fff060b]
[    0.000000] No NUMA configuration found
[    0.000000] Faking a node at [mem 0x0000000000000000-0x000000003ffeffff]
[    0.000000] NODE_DATA(0) allocated [mem 0x3ffc5000-0x3ffeffff]
[    0.000000] kvm-clock: cpu 0, msr 0:3ff44001, primary cpu clock
[    0.000000] kvm-clock: Using msrs 4b564d01 and 4b564d00
[    0.000000] kvm-clock: using sched offset of 3191314074 cycles
[    0.000000] clocksource: kvm-clock: mask: 0xffffffffffffffff max_cycles: 0x1cd42e4dffb, max_idle_ns: 881590591483 ns
[    0.000000] Zone ranges:
[    0.000000]   DMA      [mem 0x0000000000001000-0x0000000000ffffff]
[    0.000000]   DMA32    [mem 0x0000000001000000-0x000000003ffeffff]
[    0.000000]   Normal   empty
[    0.000000]   Device   empty
[    0.000000] Movable zone start for each node
[    0.000000] Early memory node ranges
[    0.000000]   node   0: [mem 0x0000000000001000-0x000000000009efff]
[    0.000000]   node   0: [mem 0x0000000000100000-0x000000003ffeffff]
[    0.000000] Reserved but unavailable: 104 pages
[    0.000000] Initmem setup node 0 [mem 0x0000000000001000-0x000000003ffeffff]
[    0.000000] ACPI: PM-Timer IO Port: 0x4008
[    0.000000] IOAPIC[0]: apic_id 2, version 32, address 0xfec00000, GSI 0-23
[    0.000000] ACPI: INT_SRC_OVR (bus 0 bus_irq 0 global_irq 2 dfl dfl)
[    0.000000] ACPI: INT_SRC_OVR (bus 0 bus_irq 9 global_irq 9 low level)
[    0.000000] Using ACPI (MADT) for SMP configuration information
[    0.000000] smpboot: Allowing 2 CPUs, 0 hotplug CPUs
[    0.000000] PM: Registered nosave memory: [mem 0x00000000-0x00000fff]
[    0.000000] PM: Registered nosave memory: [mem 0x0009f000-0x0009ffff]
[    0.000000] PM: Registered nosave memory: [mem 0x000a0000-0x000effff]
[    0.000000] PM: Registered nosave memory: [mem 0x000f0000-0x000fffff]
[    0.000000] e820: [mem 0x40000000-0xfebfffff] available for PCI devices
[    0.000000] Booting paravirtualized kernel on KVM
[    0.000000] clocksource: refined-jiffies: mask: 0xffffffff max_cycles: 0xffffffff, max_idle_ns: 7645519600211568 ns
[    0.000000] setup_percpu: NR_CPUS:8192 nr_cpumask_bits:2 nr_cpu_ids:2 nr_node_ids:1
[    0.000000] percpu: Embedded 50 pages/cpu s167936 r8192 d28672 u1048576
[    0.000000] PV qspinlock hash table entries: 256 (order: 0, 4096 bytes)
[    0.000000] Built 1 zonelists, mobility grouping on.  Total pages: 257913
[    0.000000] Policy zone: DMA32
[    0.000000] Kernel command line: BOOT_IMAGE=/boot/vmlinuz-4.15.0-209-generic root=LABEL=cloudimg-rootfs ro console=tty1 console=ttyS0
[    0.000000] Memory: 981628K/1048120K available (12300K kernel code, 2477K rwdata, 4324K rodata, 2480K init, 2720K bss, 66492K reserved, 0K cma-reserved)
[    0.000000] SLUB: HWalign=64, Order=0-3, MinObjects=0, CPUs=2, Nodes=1
[    0.000000] ftrace: allocating 39506 entries in 155 pages
[    0.004000] Hierarchical RCU implementation.
[    0.004000] 	RCU restricting CPUs from NR_CPUS=8192 to nr_cpu_ids=2.
[    0.004000] 	Tasks RCU enabled.
[    0.004000] RCU: Adjusting geometry for rcu_fanout_leaf=16, nr_cpu_ids=2
[    0.004000] NR_IRQS: 524544, nr_irqs: 440, preallocated irqs: 16
[    0.004000] random: crng init done
[    0.004000] Console: colour VGA+ 80x25
[    0.004000] console [tty1] enabled
[    0.004000] console [ttyS0] enabled
[    0.004000] ACPI: Core revision 20170831
[    0.004000] ACPI: 2 ACPI AML tables successfully acquired and loaded
[    0.004000] APIC: Switch to symmetric I/O mode setup
[    0.004000] x2apic enabled
[    0.004000] Switched APIC routing to physical x2apic.
[    0.004000] ..TIMER: vector=0x30 apic1=0 pin1=2 apic2=-1 pin2=-1
[    0.004000] tsc: Detected 2592.002 MHz processor
[    0.004004] Calibrating delay loop (skipped) preset value.. 5184.00 BogoMIPS (lpj=10368008)
[    0.005040] pid_max: default: 32768 minimum: 301
[    0.005649] Security Framework initialized
[    0.006181] Yama: becoming mindful.
[    0.006661] AppArmor: AppArmor initialized
[    0.007342] Dentry cache hash table entries: 131072 (order: 8, 1048576 bytes)
[    0.008043] Inode-cache hash table entries: 65536 (order: 7, 524288 bytes)
[    0.008893] Mount-cache hash table entries: 2048 (order: 2, 16384 bytes)
[    0.009725] Mountpoint-cache hash table entries: 2048 (order: 2, 16384 bytes)
[    0.010808] Last level iTLB entries: 4KB 64, 2MB 8, 4MB 8
[    0.011518] Last level dTLB entries: 4KB 64, 2MB 0, 4MB 0, 1GB 4
[    0.012003] Spectre V1 : Mitigation: usercopy/swapgs barriers and __user pointer sanitization
[    0.013063] Spectre V2 : Mitigation: Retpolines
[    0.013640] Spectre V2 : Spectre v2 / SpectreRSB mitigation: Filling RSB on context switch
[    0.014667] Spectre V2 : Spectre v2 / SpectreRSB : Filling RSB on VMEXIT
[    0.016001] RETBleed: WARNING: Spectre v2 mitigation leaves CPU vulnerable to RETBleed attacks, data leaks possible!
[    0.017325] RETBleed: Vulnerable
[    0.017759] Speculative Store Bypass: Vulnerable
[    0.018369] MMIO Stale Data: Vulnerable: Clear CPU buffers attempted, no microcode
[    0.019334] SRBDS: Unknown: Dependent on hypervisor status
[    0.020128] Freeing SMP alternatives memory: 36K
[    0.130635] smpboot: CPU0: Intel(R) Core(TM) i7-9750H CPU @ 2.60GHz (family: 0x6, model: 0x9e, stepping: 0xd)
[    0.132000] Performance Events: unsupported p6 CPU model 158 no PMU driver, software events only.
[    0.132000] Hierarchical SRCU implementation.
[    0.132408] NMI watchdog: Perf event create on CPU 0 failed with -2
[    0.133158] NMI watchdog: Perf NMI watchdog permanently disabled
[    0.133924] smp: Bringing up secondary CPUs ...
[    0.134536] x86: Booting SMP configuration:
[    0.135062] .... node  #0, CPUs:      #1
[    0.004000] kvm-clock: cpu 1, msr 0:3ff44041, secondary cpu clock
[    0.138992] smp: Brought up 1 node, 2 CPUs
[    0.138992] smpboot: Max logical packages: 1
[    0.140003] smpboot: Total of 2 processors activated (10368.00 BogoMIPS)
[    0.141153] devtmpfs: initialized
[    0.141153] x86/mm: Memory block size: 128MB
[    0.141190] evm: security.selinux
[    0.141621] evm: security.SMACK64
[    0.144002] evm: security.SMACK64EXEC
[    0.144465] evm: security.SMACK64TRANSMUTE
[    0.144983] evm: security.SMACK64MMAP
[    0.145447] evm: security.apparmor
[    0.145885] evm: security.ima
[    0.146274] evm: security.capability
[    0.146928] clocksource: jiffies: mask: 0xffffffff max_cycles: 0xffffffff, max_idle_ns: 7645041785100000 ns
[    0.148005] futex hash table entries: 512 (order: 3, 32768 bytes)
[    0.149445] pinctrl core: initialized pinctrl subsystem
[    0.150209] RTC time:  8:45:30, date: 04/29/23
[    0.150853] NET: Registered protocol family 16
[    0.152045] audit: initializing netlink subsys (disabled)
[    0.152760] audit: type=2000 audit(1682757935.149:1): state=initialized audit_enabled=0 res=1
[    0.153585] cpuidle: using governor ladder
[    0.153585] cpuidle: using governor menu
[    0.153585] ACPI: bus type PCI registered
[    0.156006] acpiphp: ACPI Hot Plug PCI Controller Driver version: 0.5
[    0.156880] PCI: Using configuration type 1 for base access
[    0.157577] HugeTLB registered 2.00 MiB page size, pre-allocated 0 pages
[    0.157577] ACPI: Added _OSI(Module Device)
[    0.160002] ACPI: Added _OSI(Processor Device)
[    0.160629] ACPI: Added _OSI(3.0 _SCP Extensions)
[    0.161199] ACPI: Added _OSI(Processor Aggregator Device)
[    0.161847] ACPI: Added _OSI(Linux-Dell-Video)
[    0.162395] ACPI: Added _OSI(Linux-Lenovo-NV-HDMI-Audio)
[    0.163103] ACPI: Added _OSI(Linux-HPI-Hybrid-Graphics)
[    0.164216] ACPI: Executed 1 blocks of module-level executable AML code
[    0.167199] ACPI: Interpreter enabled
[    0.168010] ACPI: (supports S0 S5)
[    0.168445] ACPI: Using IOAPIC for interrupt routing
[    0.169444] PCI: Using host bridge windows from ACPI; if necessary, use "pci=nocrs" and report a bug
[    0.171213] ACPI: Enabled 2 GPEs in block 00 to 07
[    0.176885] ACPI: PCI Root Bridge [PCI0] (domain 0000 [bus 00-ff])
[    0.178585] acpi PNP0A03:00: _OSC: OS supports [ASPM ClockPM Segments MSI]
[    0.180000] acpi PNP0A03:00: _OSC: not requesting OS control; OS requires [ExtendedConfig ASPM ClockPM MSI]
[    0.180008] acpi PNP0A03:00: fail to add MMCONFIG information, can't access extended PCI configuration space under this bridge.
[    0.184235] PCI host bridge to bus 0000:00
[    0.184749] pci_bus 0000:00: root bus resource [io  0x0000-0x0cf7 window]
[    0.186041] pci_bus 0000:00: root bus resource [io  0x0d00-0xffff window]
[    0.186839] pci_bus 0000:00: root bus resource [mem 0x000a0000-0x000bffff window]
[    0.187786] pci_bus 0000:00: root bus resource [mem 0x40000000-0xfdffffff window]
[    0.188002] pci_bus 0000:00: root bus resource [bus 00-ff]
[    0.190043] pci 0000:00:01.1: legacy IDE quirk: reg 0x10: [io  0x01f0-0x01f7]
[    0.191002] pci 0000:00:01.1: legacy IDE quirk: reg 0x14: [io  0x03f6]
[    0.192002] pci 0000:00:01.1: legacy IDE quirk: reg 0x18: [io  0x0170-0x0177]
[    0.192841] pci 0000:00:01.1: legacy IDE quirk: reg 0x1c: [io  0x0376]
[    0.201248] pci 0000:00:07.0: quirk: [io  0x4000-0x403f] claimed by PIIX4 ACPI
[    0.202179] pci 0000:00:07.0: quirk: [io  0x4100-0x410f] claimed by PIIX4 SMB
[    0.205783] ACPI: PCI Interrupt Link [LNKA] (IRQs 5 9 10 *11)
[    0.206750] ACPI: PCI Interrupt Link [LNKB] (IRQs 5 9 *10 11)
[    0.207598] ACPI: PCI Interrupt Link [LNKC] (IRQs 5 *9 10 11)
[    0.208077] ACPI: PCI Interrupt Link [LNKD] (IRQs 5 9 10 *11)
[    0.208956] SCSI subsystem initialized
[    0.209448] pci 0000:00:02.0: vgaarb: setting as boot VGA device
[    0.209448] pci 0000:00:02.0: vgaarb: VGA device added: decodes=io+mem,owns=io+mem,locks=none
[    0.209784] pci 0000:00:02.0: vgaarb: bridge control possible
[    0.212006] vgaarb: loaded
[    0.212414] ACPI: bus type USB registered
[    0.213006] usbcore: registered new interface driver usbfs
[    0.213778] usbcore: registered new interface driver hub
[    0.214498] usbcore: registered new device driver usb
[    0.215188] EDAC MC: Ver: 3.0.0
[    0.216139] PCI: Using ACPI for IRQ routing
[    0.216689] NetLabel: Initializing
[    0.217125] NetLabel:  domain hash size = 128
[    0.217656] NetLabel:  protocols = UNLABELED CIPSOv4 CALIPSO
[    0.218339] NetLabel:  unlabeled traffic allowed by default
[    0.219065] clocksource: Switched to clocksource kvm-clock
[    0.223431] VFS: Disk quotas dquot_6.6.0
[    0.224071] VFS: Dquot-cache hash table entries: 512 (order 0, 4096 bytes)
[    0.225207] AppArmor: AppArmor Filesystem Enabled
[    0.225995] pnp: PnP ACPI init
[    0.227310] pnp: PnP ACPI: found 3 devices
[    0.235708] clocksource: acpi_pm: mask: 0xffffff max_cycles: 0xffffff, max_idle_ns: 2085701024 ns
[    0.237251] NET: Registered protocol family 2
[    0.238045] IP idents hash table entries: 16384 (order: 5, 131072 bytes)
[    0.239358] TCP established hash table entries: 8192 (order: 4, 65536 bytes)
[    0.240400] TCP bind hash table entries: 8192 (order: 5, 131072 bytes)
[    0.241302] TCP: Hash tables configured (established 8192 bind 8192)
[    0.242074] UDP hash table entries: 512 (order: 2, 16384 bytes)
[    0.242781] UDP-Lite hash table entries: 512 (order: 2, 16384 bytes)
[    0.243547] NET: Registered protocol family 1
[    0.244302] pci 0000:00:00.0: Limiting direct PCI/PCI transfers
[    0.245121] pci 0000:00:01.0: Activating ISA DMA hang workarounds
[    0.246147] pci 0000:00:02.0: Video device with shadowed ROM at [mem 0x000c0000-0x000dffff]
[    0.247204] Unpacking initramfs...
[    0.463656] Freeing initrd memory: 20544K
[    0.464512] clocksource: tsc: mask: 0xffffffffffffffff max_cycles: 0x255cb8d7d74, max_idle_ns: 440795265546 ns
[    0.466099] platform rtc_cmos: registered platform RTC device (no PNP device found)
[    0.467311] Scanning for low memory corruption every 60 seconds
[    0.468863] Initialise system trusted keyrings
[    0.469656] Key type blacklist registered
[    0.470191] workingset: timestamp_bits=36 max_order=18 bucket_order=0
[    0.471593] zbud: loaded
[    0.472276] squashfs: version 4.0 (2009/01/31) Phillip Lougher
[    0.473066] fuse init (API version 7.26)
[    0.474789] Key type asymmetric registered
[    0.475328] Asymmetric key parser 'x509' registered
[    0.475937] Block layer SCSI generic (bsg) driver version 0.4 loaded (major 246)
[    0.476974] io scheduler noop registered
[    0.477614] io scheduler deadline registered
[    0.478159] io scheduler cfq registered (default)
[    0.478903] ACPI: AC Adapter [AC] (on-line)
[    0.479485] input: Power Button as /devices/LNXSYSTM:00/LNXPWRBN:00/input/input0
[    0.480494] ACPI: Power Button [PWRF]
[    0.480996] input: Sleep Button as /devices/LNXSYSTM:00/LNXSLPBN:00/input/input1
[    0.481891] ACPI: Sleep Button [SLPF]
[    0.483003] ACPI: Battery Slot [BAT0] (battery present)
[    0.483752] Serial: 8250/16550 driver, 32 ports, IRQ sharing enabled
[    0.504984] 00:02: ttyS0 at I/O 0x3f8 (irq = 4, base_baud = 115200) is a 16550A
[    0.508149] Linux agpgart interface v0.103
[    0.509514] loop: module loaded
[    0.510252] scsi host0: ata_piix
[    0.510920] scsi host1: ata_piix
[    0.511390] ata1: PATA max UDMA/33 cmd 0x1f0 ctl 0x3f6 bmdma 0xd000 irq 14
[    0.512194] ata2: PATA max UDMA/33 cmd 0x170 ctl 0x376 bmdma 0xd008 irq 15
[    0.513102] tun: Universal TUN/TAP device driver, 1.6
[    0.513793] PPP generic driver version 2.4.2
[    0.514455] ehci_hcd: USB 2.0 'Enhanced' Host Controller (EHCI) Driver
[    0.515224] ehci-pci: EHCI PCI platform driver
[    0.515774] ehci-platform: EHCI generic platform driver
[    0.516471] ohci_hcd: USB 1.1 'Open' Host Controller (OHCI) Driver
[    0.517233] ohci-pci: OHCI PCI platform driver
[    0.517783] ohci-platform: OHCI generic platform driver
[    0.518443] uhci_hcd: USB Universal Host Controller Interface driver
[    0.519256] i8042: PNP: PS/2 Controller [PNP0303:PS2K,PNP0f03:PS2M] at 0x60,0x64 irq 1,12
[    0.520641] serio: i8042 KBD port at 0x60,0x64 irq 1
[    0.521261] serio: i8042 AUX port at 0x60,0x64 irq 12
[    0.521954] mousedev: PS/2 mouse device common for all mice
[    0.522983] input: AT Translated Set 2 keyboard as /devices/platform/i8042/serio0/input/input2
[    0.524186] rtc_cmos rtc_cmos: rtc core: registered rtc_cmos as rtc0
[    0.524972] rtc_cmos rtc_cmos: alarms up to one day, 114 bytes nvram
[    0.525729] i2c /dev entries driver
[    0.526198] device-mapper: uevent: version 1.0.3
[    0.526885] device-mapper: ioctl: 4.37.0-ioctl (2017-09-20) initialised: dm-devel@redhat.com
[    0.528001] ledtrig-cpu: registered to indicate activity on CPUs
[    0.529031] NET: Registered protocol family 10
[    0.531493] Segment Routing with IPv6
[    0.531997] NET: Registered protocol family 17
[    0.532625] Key type dns_resolver registered
[    0.533284] mce: Using 0 MCE banks
[    0.533726] RAS: Correctable Errors collector initialized.
[    0.534505] sched_clock: Marking stable (533267795, 0)->(660320222, -127052427)
[    0.535829] registered taskstats version 1
[    0.536466] Loading compiled-in X.509 certificates
[    0.538257] Loaded X.509 cert 'Build time autogenerated kernel key: 34a8448b8ea51591fef45052227f4b706811bd64'
[    0.539838] Loaded X.509 cert 'Canonical Ltd. Live Patch Signing: 14df34d1a87cf37625abec039ef2bf521249b969'
[    0.541458] Loaded X.509 cert 'Canonical Ltd. Kernel Module Signing: 88f752e560a1e0737e31163a466ad7b70a850c19'
[    0.542630] blacklist: Loading compiled-in revocation X.509 certificates
[    0.543452] Loaded X.509 cert 'Canonical Ltd. Secure Boot Signing: 61482aa2830d0ab2ad5af10b7250da9033ddcef0'
[    0.544802] Loaded X.509 cert 'Canonical Ltd. Secure Boot Signing (2017): 242ade75ac4a15e50d50c84b0d45ff3eae707a03'
[    0.546025] Loaded X.509 cert 'Canonical Ltd. Secure Boot Signing (ESM 2018): 365188c1d374d6b07c3c8f240f8ef722433d6a8b'
[    0.547288] Loaded X.509 cert 'Canonical Ltd. Secure Boot Signing (2019): c0746fd6c5da3ae827864651ad66ae47fe24b3e8'
[    0.548606] Loaded X.509 cert 'Canonical Ltd. Secure Boot Signing (2021 v1): a8d54bbb3825cfb94fa13c9f8a594a195c107b8d'
[    0.549863] Loaded X.509 cert 'Canonical Ltd. Secure Boot Signing (2021 v2): 4cf046892d6fd3c9a5b03f98d845f90851dc6a8c'
[    0.551491] Loaded X.509 cert 'Canonical Ltd. Secure Boot Signing (2021 v3): 100437bb6de6e469b581e61cd66bce3ef4ed53af'
[    0.553441] Loaded X.509 cert 'Canonical Ltd. Secure Boot Signing (Ubuntu Core 2019): c1d57b8f6b743f23ee41f4f7ee292f06eecadfb9'
[    0.554776] zswap: loaded using pool lzo/zbud
[    0.556983] Key type big_key registered
[    0.557576] Key type trusted registered
[    0.558990] Key type encrypted registered
[    0.559522] AppArmor: AppArmor sha1 policy hashing enabled
[    0.560286] ima: No TPM chip found, activating TPM-bypass! (rc=-19)
[    0.561275] ima: Allocated hash algorithm: sha1
[    0.561868] evm: HMAC attrs: 0x1
[    0.562447]   Magic number: 3:251:777
[    0.562922] misc rfkill: hash matches
[    0.563471] rtc_cmos rtc_cmos: setting system clock to 2023-04-29 08:45:30 UTC (1682757930)
[    0.564552] BIOS EDD facility v0.16 2004-Jun-25, 0 devices found
[    0.565268] EDD information not available.
[    0.699723] Freeing unused kernel image memory: 2480K
[    0.712314] Write protecting the kernel read-only data: 20480k
[    0.713752] Freeing unused kernel image memory: 2008K
[    0.714888] Freeing unused kernel image memory: 1820K
[    0.721827] x86/mm: Checked W+X mappings: passed, no W+X pages found.
Loading, please wait...
starting version 237
[    0.760361] e1000: Intel(R) PRO/1000 Network Driver - version 7.3.21-k8-NAPI
[    0.761689] e1000: Copyright (c) 1999-2006 Intel Corporation.
[    0.764528] Fusion MPT base driver 3.04.20
[    0.765312] Copyright (c) 1999-2008 LSI Corporation
[    0.771589] Fusion MPT SPI Host driver 3.04.20
[    0.773804] mptbase: ioc0: Initiating bringup
[    0.776661] AVX2 version of gcm_enc/dec engaged.
[    0.777263] AES CTR mode by8 optimization enabled
[    1.137948] input: ImExPS/2 Generic Explorer Mouse as /devices/platform/i8042/serio1/input/input4
[    1.484838] ioc0: LSI53C1030 A0: Capabilities={Initiator}
[    3.863610] scsi host2: ioc0: LSI53C1030 A0, FwRev=00000000h, Ports=1, MaxQ=256, IRQ=20
[    5.704966] scsi 2:0:0:0: Direct-Access     VBOX     HARDDISK         1.0  PQ: 0 ANSI: 5
[    5.948222] scsi target2:0:0: Beginning Domain Validation
[    5.984327] scsi target2:0:0: Domain Validation skipping write tests
[    5.985362] scsi target2:0:0: Ending Domain Validation
[    5.986284] scsi target2:0:0: asynchronous
[    5.987783] scsi 2:0:1:0: Direct-Access     VBOX     HARDDISK         1.0  PQ: 0 ANSI: 5
[    6.216614] scsi target2:0:1: Beginning Domain Validation
[    6.219617] scsi target2:0:1: Domain Validation skipping write tests
[    6.220839] scsi target2:0:1: Ending Domain Validation
[    6.221814] scsi target2:0:1: asynchronous
[    6.226104] sd 2:0:0:0: Attached scsi generic sg0 type 0
[    6.227033] sd 2:0:0:0: [sda] 83886080 512-byte logical blocks: (42.9 GB/40.0 GiB)
[    6.228448] sd 2:0:0:0: [sda] Write Protect is off
[    6.229611] sd 2:0:1:0: Attached scsi generic sg1 type 0
[    6.230616] sd 2:0:0:0: [sda] Incomplete mode parameter data
[    6.231371] sd 2:0:0:0: [sda] Assuming drive cache: write through
[    6.232114] sd 2:0:1:0: [sdb] 20480 512-byte logical blocks: (10.5 MB/10.0 MiB)
[    6.233183] sd 2:0:1:0: [sdb] Write Protect is off
[    6.234104] sd 2:0:1:0: [sdb] Incomplete mode parameter data
[    6.234801] sd 2:0:1:0: [sdb] Assuming drive cache: write through
[    6.236835]  sda: sda1
[    6.237973] sd 2:0:0:0: [sda] Attached SCSI disk
[    6.239656] sd 2:0:1:0: [sdb] Attached SCSI disk
[    6.253348] e1000 0000:00:03.0 eth0: (PCI:33MHz:32-bit) 02:a3:74:7a:05:58
[    6.254280] e1000 0000:00:03.0 eth0: Intel(R) PRO/1000 Network Connection
[    6.256647] e1000 0000:00:03.0 enp0s3: renamed from eth0
Begin: Loading essential drivers ... [    7.641444] raid6: sse2x1   gen() 13958 MB/s
[    7.688063] raid6: sse2x1   xor()  7845 MB/s
[    7.736135] raid6: sse2x2   gen() 16547 MB/s
[    7.784016] raid6: sse2x2   xor() 10759 MB/s
[    7.832736] raid6: sse2x4   gen() 18138 MB/s
[    7.880588] raid6: sse2x4   xor() 10513 MB/s
[    7.928390] raid6: avx2x1   gen() 28354 MB/s
[    7.976207] raid6: avx2x1   xor() 15829 MB/s
[    8.024064] raid6: avx2x2   gen() 32191 MB/s
[    8.072812] raid6: avx2x2   xor() 19318 MB/s
[    8.120016] raid6: avx2x4   gen() 30321 MB/s
[    8.168452] raid6: avx2x4   xor() 19962 MB/s
[    8.169261] raid6: using algorithm avx2x2 gen() 32191 MB/s
[    8.170463] raid6: .... xor() 19318 MB/s, rmw enabled
[    8.171612] raid6: using avx2x2 recovery algorithm
[    8.173205] xor: automatically using best checksumming function   avx       
[    8.174703] async_tx: api initialized (async)
done.
Begin: Running /scripts/init-premount ... done.
Begin: Mounting root file system ... Begin: Running /scripts/local-top ... done.
Begin: Running /scripts/local-premount ... [    8.207659] Btrfs loaded, crc32c=crc32c-intel
Scanning for Btrfs filesystems
done.
Begin: Will now check root file system ... fsck from util-linux 2.31.1
[/sbin/fsck.ext4 (1) -- /dev/sda1] fsck.ext4 -a -C0 /dev/sda1 
cloudimg-rootfs: recovering journal
cloudimg-rootfs: clean, 95686/5120000 files, 820500/10485499 blocks
done.
[    8.323286] EXT4-fs (sda1): mounted filesystem with ordered data mode. Opts: (null)
done.
Begin: Running /scripts/local-bottom ... done.
Begin: Running /scripts/init-bottom ... done.
[    8.595026] ip_tables: (C) 2000-2006 Netfilter Core Team
[    8.603462] systemd[1]: systemd 237 running in system mode. (+PAM +AUDIT +SELINUX +IMA +APPARMOR +SMACK +SYSVINIT +UTMP +LIBCRYPTSETUP +GCRYPT +GNUTLS +ACL +XZ +LZ4 +SECCOMP +BLKID +ELFUTILS +KMOD -IDN2 +IDN -PCRE2 default-hierarchy=hybrid)
[    8.607000] systemd[1]: Detected virtualization oracle.
[    8.608093] systemd[1]: Detected architecture x86-64.

Welcome to [1mUbuntu 18.04.6 LTS[0m!

[    8.612381] systemd[1]: Set hostname to <ubuntu-bionic>.
[    8.896462] systemd[1]: Started Forward Password Requests to Wall Directory Watch.
[[0;32m  OK  [0m] Started Forward Password Requests to Wall Directory Watch.
[    8.912759] systemd[1]: Created slice System Slice.
[[0;32m  OK  [0m] Created slice System Slice.
[    8.928928] systemd[1]: Listening on fsck to fsckd communication Socket.
[[0;32m  OK  [0m] Listening on fsck to fsckd communication Socket.
[    8.934038] systemd[1]: Listening on LVM2 poll daemon socket.
[[0;32m  OK  [0m] Listening on LVM2 poll daemon socket.
[    9.671787] systemd[1]: Listening on Device-mapper event daemon FIFOs.
[[0;32m  OK  [0m] Listening on Device-mapper event daemon FIFOs.
[    9.674457] systemd[1]: Listening on RPCbind Server Activation Socket.
[[0;32m  OK  [0m] Listening on RPCbind Server Activation Socket.
[[0;32m  OK  [0m] Listening on Journal Socket.
         Mounting RPC Pipe File System...
         Mounting Huge Pages File System...
         Mounting POSIX Message Queue File System...
[[0;32m  OK  [0m] Listening on LVM2 metadata daemon socket.
         Starting Monitoring of LVM2 mirrorsâ€¦ng dmeventd or progress polling...
[[0;32m  OK  [0m] Listening on /dev/initctl Compatibility Named Pipe.
[[0;32m  OK  [0m] Listening on Network Service Netlink Socket.
[[0;32m  OK  [0m] Listening on udev Control Socket.
[[0;32m  OK  [0m] Listening on udev Kernel Socket.
[    9.700969] RPC: Registered named UNIX socket transport module.
[    9.702030] RPC: Registered udp transport module.
[    9.703131] RPC: Registered tcp transport module.
[    9.703952] RPC: Registered tcp NFSv4.1 backchannel transport module.
         Starting Load Kernel Modules...
         Mounting Kernel Debug File System...
[[0;32m  OK  [0m] Reached target Mounting snaps.
[[0;32m  OK  [0m] Created slice User and Session Slice.
[    9.747952] Loading iSCSI transport class v2.0-870.
[    9.753869] iscsi: registered transport (tcp)
         Starting Remount Root and Kernel File Systems...
         Starting udev Coldplug all Devices...
[[0;32m  OK  [0m] Reached target User and Group Name Lookups.
[    9.769544] iscsi: registered transport (iser)
[[0;32m  OK  [0m] Reached target System Time Synchronized.
[    9.779852] EXT4-fs (sda1): re-mounted. Opts: (null)
         Starting Set the console keyboard layout...
[[0;32m  OK  [0m] Reached target Swap.
         Starting Create list of required stâ€¦ce nodes for the current kernel...
[[0;32m  OK  [0m] Reached target Slices.
         Starting Uncomplicated firewall...
[[0;32m  OK  [0m] Listening on Journal Socket (/dev/log).
[[0;32m  OK  [0m] Reached target Mounted snaps.
         Mounting NFSD configuration filesystem...
[[0;32m  OK  [0m] Listening on Journal Audit Socket.
[    9.904365] Installing knfsd (copyright (C) 1996 okir@monad.swb.de).
[[0;32m  OK  [0m] Created slice system-serial\x2dgetty.slice.
[[0;32m  OK  [0m] Listening on Syslog Socket.
         Starting Journal Service...
[[0;32m  OK  [0m] Set up automount Arbitrary Executabâ€¦rmats File System Automount Point.
[[0;32m  OK  [0m] Mounted RPC Pipe File System.
[[0;32m  OK  [0m] Mounted Huge Pages File System.
[[0;32m  OK  [0m] Mounted POSIX Message Queue File System.
[[0;32m  OK  [0m] Started Load Kernel Modules.
[[0;32m  OK  [0m] Mounted Kernel Debug File System.
[[0;32m  OK  [0m] Started Remount Root and Kernel File Systems.
[[0;32m  OK  [0m] Started Set the console keyboard layout.
[[0;32m  OK  [0m] Started Create list of required staâ€¦vice nodes for the current kernel.
[[0;32m  OK  [0m] Started Uncomplicated firewall.
[[0;32m  OK  [0m] Mounted NFSD configuration filesystem.
[[0;32m  OK  [0m] Started LVM2 metadata daemon.
         Starting Create Static Device Nodes in /dev...
         Starting Load/Save Random Seed...
         Mounting Kernel Configuration File System...
         Starting Apply Kernel Variables...
         Mounting FUSE Control File System...
         Starting pNFS block layout mapping daemon...
[[0;32m  OK  [0m] Started udev Coldplug all Devices.
[[0;32m  OK  [0m] Started Create Static Device Nodes in /dev.
[[0;32m  OK  [0m] Started Load/Save Random Seed.
[[0;32m  OK  [0m] Mounted Kernel Configuration File System.
[[0;32m  OK  [0m] Mounted FUSE Control File System.
         Starting udev Kernel Device Manager...
[[0;32m  OK  [0m] Started Journal Service.
         Starting Flush Journal to Persistent Storage...
[[0;32m  OK  [0m] Started pNFS block layout mapping daemon.
[[0;32m  OK  [0m] Started udev Kernel Device Manager.
[[0;32m  OK  [0m] Started Dispatch Password Requests to Console Directory Watch.
[[0;32m  OK  [0m] Reached target Local Encrypted Volumes.
[[0;32m  OK  [0m] Started Apply Kernel Variables.
[[0;32m  OK  [0m] Started Monitoring of LVM2 mirrors,â€¦sing dmeventd or progress polling.
[[0;32m  OK  [0m] Reached target Local File Systems (Pre).
[[0;32m  OK  [0m] Reached target Local File Systems.
         Starting ebtables ruleset management...
         Starting Set console font and keymap...
         Starting Tell Plymouth To Write Out Runtime Data...
         Starting AppArmor initialization...
         Starting QEMU KVM preparation - module, ksm, hugepages...
         Starting Preprocess NFS configuration...
[[0;32m  OK  [0m] Started Set console font and keymap.
[[0;32m  OK  [0m] Started Tell Plymouth To Write Out Runtime Data.
[[0;32m  OK  [0m] Started Preprocess NFS configuration.
         Starting NFSv4 ID-name mapping service...
[[0;32m  OK  [0m] Reached target NFS client services.
[[0;32m  OK  [0m] Started Flush Journal to Persistent Storage.
         Starting Create Volatile Files and Directories...
[[0;32m  OK  [0m] Started NFSv4 ID-name mapping service.
[[0;32m  OK  [0m] Started Create Volatile Files and Directories.
         Starting RPC bind portmap service...
         Starting Update UTMP about System Boot/Shutdown...
[[0;32m  OK  [0m] Started QEMU KVM preparation - module, ksm, hugepages.
[[0;32m  OK  [0m] Started RPC bind portmap service.
[[0;32m  OK  [0m] Reached target RPC Port Mapper.
[[0;32m  OK  [0m] Started Update UTMP about System Boot/Shutdown.
[[0;32m  OK  [0m] Found device /dev/ttyS0.
[[0;32m  OK  [0m] Started ebtables ruleset management.
         Mounting Arbitrary Executable File Formats File System...
[[0;32m  OK  [0m] Listening on Load/Save RF Kill Switch Status /dev/rfkill Watch.
[[0;32m  OK  [0m] Mounted Arbitrary Executable File Formats File System.
[[0;32m  OK  [0m] Started AppArmor initialization.
         Starting Initial cloud-init job (pre-networking)...
         Starting Load AppArmor profiles managed internally by snapd...
[[0;32m  OK  [0m] Started Load AppArmor profiles managed internally by snapd.
[   11.580613] cloud-init[590]: Cloud-init v. 23.1.1-0ubuntu0~18.04.1 running 'init-local' at Sat, 29 Apr 2023 08:45:41 +0000. Up 11.43 seconds.
[[0;32m  OK  [0m] Started Initial cloud-init job (pre-networking).
[[0;32m  OK  [0m] Reached target Network (Pre).
         Starting Network Service...
[[0;32m  OK  [0m] Started Network Service.
         Starting Wait for Network to be Configured...
         Starting Network Name Resolution...
[[0;32m  OK  [0m] Started Network Name Resolution.
[[0;32m  OK  [0m] Reached target Host and Network Name Lookups.
[[0;32m  OK  [0m] Reached target Network.
         Starting NFS Mount Daemon...
[[0;32m  OK  [0m] Started NFS Mount Daemon.
         Starting NFS server and services...
[[0;32m  OK  [0m] Started NFS server and services.
[[0;32m  OK  [0m] Started Wait for Network to be Configured.
         Starting Initial cloud-init job (metadata service crawler)...
[   13.958769] cloud-init[755]: Cloud-init v. 23.1.1-0ubuntu0~18.04.1 running 'init' at Sat, 29 Apr 2023 08:45:43 +0000. Up 13.86 seconds.
[   13.972241] cloud-init[755]: ci-info: +++++++++++++++++++++++++++++++++++++Net device info++++++++++++++++++++++++++++++++++++++
[   13.973268] cloud-init[755]: ci-info: +--------+------+---------------------------+---------------+--------+-------------------+
[   13.974296] cloud-init[755]: ci-info: | Device |  Up  |          Address          |      Mask     | Scope  |     Hw-Address    |
[   13.975237] cloud-init[755]: ci-info: +--------+------+---------------------------+---------------+--------+-------------------+
[   13.976233] cloud-init[755]: ci-info: | enp0s3 | True |         10.0.2.15         | 255.255.255.0 | global | 02:a3:74:7a:05:58 |
[   13.977259] cloud-init[755]: ci-info: | enp0s3 | True | fe80::a3:74ff:fe7a:558/64 |       .       |  link  | 02:a3:74:7a:05:58 |
[   13.978251] cloud-init[755]: ci-info: |   lo   | True |         127.0.0.1         |   255.0.0.0   |  host  |         .         |
[   13.979223] cloud-init[755]: ci-info: |   lo   | True |          ::1/128          |       .       |  host  |         .         |
[   13.980229] cloud-init[755]: ci-info: +--------+------+---------------------------+---------------+--------+-------------------+
[   13.981261] cloud-init[755]: ci-info: ++++++++++++++++++++++++++++Route IPv4 info+++++++++++++++++++++++++++++
[   13.992732] cloud-init[755]: ci-info: +-------+-------------+----------+-----------------+-----------+-------+
[   13.993394] cloud-init[755]: ci-info: | Route | Destination | Gateway  |     Genmask     | Interface | Flags |
[   13.994244] cloud-init[755]: ci-info: +-------+-------------+----------+-----------------+-----------+-------+
[   14.004157] cloud-init[755]: ci-info: |   0   |   0.0.0.0   | 10.0.2.2 |     0.0.0.0     |   enp0s3  |   UG  |
[   14.005004] cloud-init[755]: ci-info: |   1   |   10.0.2.0  | 0.0.0.0  |  255.255.255.0  |   enp0s3  |   U   |
[   14.005854] cloud-init[755]: ci-info: |   2   |   10.0.2.2  | 0.0.0.0  | 255.255.255.255 |   enp0s3  |   UH  |
[   14.006732] cloud-init[755]: ci-info: +-------+-------------+----------+-----------------+-----------+-------+
[   14.007576] cloud-init[755]: ci-info: +++++++++++++++++++Route IPv6 info+++++++++++++++++++
[   14.008310] cloud-init[755]: ci-info: +-------+-------------+---------+-----------+-------+
[   14.009370] cloud-init[755]: ci-info: | Route | Destination | Gateway | Interface | Flags |
[   14.010109] cloud-init[755]: ci-info: +-------+-------------+---------+-----------+-------+
[   14.010840] cloud-init[755]: ci-info: |   1   |  fe80::/64  |    ::   |   enp0s3  |   U   |
[   14.011555] cloud-init[755]: ci-info: |   3   |    local    |    ::   |   enp0s3  |   U   |
[   14.012297] cloud-init[755]: ci-info: |   4   |   ff00::/8  |    ::   |   enp0s3  |   U   |
[   14.013017] cloud-init[755]: ci-info: +-------+-------------+---------+-----------+-------+
[[0;32m  OK  [0m] Started Initial cloud-init job (metadata service crawler).
[[0;32m  OK  [0m] Reached target System Initialization.
[[0;32m  OK  [0m] Listening on cloud-init hotplug hook socket.
[[0;32m  OK  [0m] Started Message of the Day.
[[0;32m  OK  [0m] Started Daily Cleanup of Temporary Directories.
[[0;32m  OK  [0m] Listening on ACPID Listen Socket.
[[0;32m  OK  [0m] Listening on Open-iSCSI iscsid Socket.
         Starting LXD - unix socket.
[[0;32m  OK  [0m] Started Ubuntu Advantage Timer for running repeated jobs.
[[0;32m  OK  [0m] Started ACPI Events Check.
[[0;32m  OK  [0m] Started Daily apt download activities.
[[0;32m  OK  [0m] Started Discard unused blocks once a week.
[[0;32m  OK  [0m] Started Daily apt upgrade and clean activities.
[[0;32m  OK  [0m] Reached target Timers.
[[0;32m  OK  [0m] Listening on D-Bus System Message Bus Socket.
         Starting Socket activation for snappy daemon.
[[0;32m  OK  [0m] Reached target Paths.
[[0;32m  OK  [0m] Listening on UUID daemon activation socket.
[[0;32m  OK  [0m] Reached target Cloud-config availability.
[[0;32m  OK  [0m] Reached target Network is Online.
         Starting Availability of block devices...
[[0;32m  OK  [0m] Reached target Remote File Systems (Pre).
         Mounting /vagrant...
[[0;32m  OK  [0m] Listening on LXD - unix socket.
[[0;32m  OK  [0m] Listening on Socket activation for snappy daemon.
[[0;32m  OK  [0m] Reached target Sockets.
[[0;32m  OK  [0m] Reached target Basic System.
         Starting LSB: Record successful boot for GRUB...
[[0;32m  OK  [0m] Reached target Login Prompts (Pre).
[[0;32m  OK  [0m] Started D-Bus System Message Bus.
         Starting Accounts Service...
         Starting System Logging Service...
         Starting Login Service...
         Starting OpenBSD Secure Shell server...
         Starting Message of the Day...
[[0;32m  OK  [0m] Started Deferred execution scheduler.
         Starting Dispatcher daemon for systemd-networkd...
[[0;32m  OK  [0m] Started irqbalance daemon.
[[0;32m  OK  [0m] Started Regular background program processing daemon.
         Starting Virtualbox guest utils...
[[0;32m  OK  [0m] Started FUSE filesystem for LXC.
         Starting Snap Daemon...
         Starting LXD - container startup/shutdown...
[[0;32m  OK  [0m] Started System Logging Service.
[[0;32m  OK  [0m] Started Availability of block devices.
[[0;32m  OK  [0m] Mounted /vagrant.
[[0;32m  OK  [0m] Started Login Service.
[[0;32m  OK  [0m] Started OpenBSD Secure Shell server.
         Starting Authorization Manager...
[[0;32m  OK  [0m] Started Unattended Upgrades Shutdown.
[[0;32m  OK  [0m] Reached target Remote File Systems.
         Starting LSB: automatic crash report generation...
         Starting Permit User Sessions...
[[0;32m  OK  [0m] Started Permit User Sessions.
         Starting Hold until boot process finishes up...
         Starting Terminate Plymouth Boot Screen...
[[0;32m  OK  [0m] Started Hold until boot process finishes up.
         Starting Set console scheme...
[[0;32m  OK  [0m] Started Serial Getty on ttyS0.
[[0;32m  OK  [0m] Started Terminate Plymouth Boot Screen.
[[0;32m  OK  [0m] Started Authorization Manager.
[[0;32m  OK  [0m] Started Accounts Service.
[[0;32m  OK  [0m] Started LSB: Record successful boot for GRUB.
[[0;32m  OK  [0m] Started Virtualbox guest utils.
[[0;32m  OK  [0m] Started Set console scheme.
[[0;32m  OK  [0m] Created slice system-getty.slice.
[[0;32m  OK  [0m] Started Getty on tty1.
[[0;32m  OK  [0m] Reached target Login Prompts.
[[0;32m  OK  [0m] Started LSB: automatic crash report generation.
[[0;32m  OK  [0m] Started LXD - container startup/shutdown.
[[0;32m  OK  [0m] Created slice User Slice of vagrant.
         Starting User Manager for UID 1000...
[[0;32m  OK  [0m] Started Dispatcher daemon for systemd-networkd.
[[0;32m  OK  [0m] Started Session 1 of user vagrant.
[[0;32m  OK  [0m] Started User Manager for UID 1000.
[[0;32m  OK  [0m] Started Snap Daemon.
         Starting Wait until snapd is fully seeded...
         Starting Time & Date Service...
[[0;32m  OK  [0m] Started Time & Date Service.
[[0;32m  OK  [0m] Started Wait until snapd is fully seeded.
         Starting Apply the settings specified in cloud-config...
[   15.969906] cloud-init[1379]: Cloud-init v. 23.1.1-0ubuntu0~18.04.1 running 'modules:config' at Sat, 29 Apr 2023 08:45:45 +0000. Up 15.89 seconds.
[[0;32m  OK  [0m] Started Apply the settings specified in cloud-config.
[[0;32m  OK  [0m] Reached target Multi-User System.
[[0;32m  OK  [0m] Reached target Graphical Interface.
         Starting Update UTMP about System Runlevel Changes...
         Starting Execute cloud user/final scripts...
[[0;32m  OK  [0m] Started Message of the Day.
[[0;32m  OK  [0m] Started Update UTMP about System Runlevel Changes.
[   16.447779] cloud-init[1505]: Cloud-init v. 23.1.1-0ubuntu0~18.04.1 running 'modules:final' at Sat, 29 Apr 2023 08:45:46 +0000. Up 16.35 seconds.
[   16.448631] cloud-init[1505]: Cloud-init v. 23.1.1-0ubuntu0~18.04.1 finished at Sat, 29 Apr 2023 08:45:46 +0000. Datasource DataSourceNoCloud [seed=/dev/sdb][dsmode=net].  Up 16.44 seconds
[[0;32m  OK  [0m] Started Execute cloud user/final scripts.
         Starting Daily apt download activities...
[[0;32m  OK  [0m] Reached target Cloud-init target.
         Starting Update APT News...
         Starting Update the local ESM caches...
[[0;32m  OK  [0m] Started Update APT News.
[[0;32m  OK  [0m] Started Update the local ESM caches.
         Stopping User Manager for UID 1000...
[[0;32m  OK  [0m] Stopped User Manager for UID 1000.
[[0;32m  OK  [0m] Removed slice User Slice of vagrant.

Ubuntu 18.04.6 LTS ubuntu-bionic ttyS0

ubuntu-bionic login: 